// Jest Snapshot v1, https://goo.gl/fbAQLP

exports[`analyze snapshots any.sql 1`] = `
{
  "parameters": [
    {
      "index": 1,
      "location": 46,
      "usedWith": {
        "column": "status",
        "isArray": true,
        "schema": undefined,
        "table": "orders",
      },
    },
  ],
  "warnings": [],
}
`;

exports[`analyze snapshots select.sql 1`] = `
{
  "parameters": [],
  "warnings": [],
}
`;
